Microchip MPLAB XC8 Compiler V2.40

Linker command line:

-W-3 \
  --edf=C:\Program Files\Microchip\xc8\v2.40\pic\dat\20220703182018_en.msgs \
  -cn -h+dist/default/debug\lab10_advance.X.debug.sym \
  --cmf=dist/default/debug\lab10_advance.X.debug.cmf -z -Q18F4520 \
  -oC:\Users\Annie\AppData\Local\Temp\xcAsl8s.4 --defsym=__MPLAB_BUILD=1 \
  --fixupoverflow=error -Mdist/default/debug/lab10_advance.X.debug.map \
  --md=C:\Users\Annie\AppData\Local\Temp\xcAsl8s.dat -E1 -ver=XC8 Compiler \
  --acfsm=1493 -ACODE=00h-07DBFh -ACONST=00h-07DBFh \
  -ASMALLCONST=0600h-06FFhx119,07D00h-07DBFh -AMEDIUMCONST=0600h-07DBFh \
  -ACOMRAM=01h-07Fh -AABS1=00h-05F3h -ABIGRAM=01h-05F3h \
  -ARAM=080h-0FFh,0100h-01FFhx4,0500h-05F3h -ABANK0=080h-0FFh \
  -ABANK1=0100h-01FFh -ABANK2=0200h-02FFh -ABANK3=0300h-03FFh \
  -ABANK4=0400h-04FFh -ABANK5=0500h-05F3h \
  -ASFR=0F80h-0F9Bh,0F9Dh-0FD3h,0FD5h-0FDAh,0FE0h-0FE2h,0FE8h-0FEAh,0FF0h-0FFCh \
  -ABIGSFR=0F80h-0F9Bh,0F9Dh-0FD3h,0FD5h-0FDAh,0FE0h-0FE2h,0FE8h-0FEAh,0FF0h-0FFCh \
  -ACONFIG=0300000h-030000Dh -AIDLOC=0200000h-0200007h \
  -AEEDATA=0F00000h-0F000FFh -peeprom_data=EEDATA \
  -preset_vec=00h,intcode=08h,intcodelo=018h,powerup,init -pramtop=0600h \
  -psmallconst=SMALLCONST -pmediumconst=MEDIUMCONST -pconst=CONST \
  -AFARRAM=00h-00h \
  -prdata=COMRAM,nvrram=COMRAM,nvbit=COMRAM,rbss=COMRAM,rbit=COMRAM \
  -pfarbss=FARRAM,fardata=FARRAM,nvFARRAM=FARRAM \
  -pintsave_regs=BIGRAM,bigbss=BIGRAM,bigdata=BIGRAM -pbss=RAM \
  -pidata=CODE,irdata=CODE,ibigdata=CODE,ifardata=CODE -prparam=COMRAM \
  C:\Users\Annie\AppData\Local\Temp\xcAsl8s.o \
  dist/default/debug\lab10_advance.X.debug.o 

Object code version is 3.11

Machine type is 18F4520



                Name                               Link     Load   Length Selector   Space Scale
C:\Users\Annie\AppData\Local\Temp\xcAsl8s.o
                idloc                            200000   200000        8        0       5
                config                           300000   300000        E        0       4
                init                                 7C       7C        4        C       0
                reset_vec                             0        0        4        0       0
dist/default/debug\lab10_advance.X.debug.o
                intcodelo                            18       18       64        C       0
                intcode                               8        8        6        4       0
                idloc                            200000   200000        8        0       5
                config                           300000   300000        E        0       4
                temp                                 4E       4E        1        1       1
                intcode_body                        568      568        6        C       0
                text18                              52C      52C       16        C       0
                text17                              28A      28A       B0        C       0
                text16                              4C0      4C0       26        C       0
                text15                              442      442       2C        C       0
                text14                              33A      33A       46        C       0
                text13                               80       80      144        C       0
                text12                              3C2      3C2       42        C       0
                text11                              1C4      1C4       C6        C       0
                text9                               380      380       42        C       0
                text8                               54E      54E        A        C       0
                text7                               516      516       16        C       0
                text6                               542      542        C        C       0
                text5                               560      560        8        C       0
                text4                               558      558        8        C       0
                text3                               46E      46E       2A        C       0
                text2                               500      500       16        C       0
                text1                               404      404       3E        C       0
                text0                               498      498       28        C       0
                cstackCOMRAM                         2B       2B       23        1       1
                bssCOMRAM                             1        1       2A        1       1
                cinit                               4E6      4E6       1A        C       0

TOTAL           Name                               Link     Load   Length     Space
        CLASS   CODE           
                intcodelo                            18       18       64         0
                intcode                               8        8        6         0
                init                                 7C       7C        4         0
                reset_vec                             0        0        4         0
                intcode_body                        568      568        6         0
                text18                              52C      52C       16         0
                text17                              28A      28A       B0         0
                text16                              4C0      4C0       26         0
                text15                              442      442       2C         0
                text14                              33A      33A       46         0
                text13                               80       80      144         0
                text12                              3C2      3C2       42         0
                text11                              1C4      1C4       C6         0
                text9                               380      380       42         0
                text8                               54E      54E        A         0
                text7                               516      516       16         0
                text6                               542      542        C         0
                text5                               560      560        8         0
                text4                               558      558        8         0
                text3                               46E      46E       2A         0
                text2                               500      500       16         0
                text1                               404      404       3E         0
                text0                               498      498       28         0
                cinit                               4E6      4E6       1A         0

        CLASS   CONST          

        CLASS   SMALLCONST     

        CLASS   MEDIUMCONST    

        CLASS   COMRAM         
                temp                                 4E       4E        1         1
                cstackCOMRAM                         2B       2B       23         1
                bssCOMRAM                             1        1       2A         1

        CLASS   ABS1           

        CLASS   BIGRAM         

        CLASS   RAM            

        CLASS   BANK0          

        CLASS   BANK1          

        CLASS   BANK2          

        CLASS   BANK3          

        CLASS   BANK4          

        CLASS   BANK5          

        CLASS   SFR            

        CLASS   BIGSFR         

        CLASS   CONFIG         
                config                           300000   300000        E         4

        CLASS   IDLOC          
                idloc                            200000   200000        8         5

        CLASS   EEDATA         

        CLASS   FARRAM         

        CLASS   HEAP           

        CLASS   STACK          



SEGMENTS        Name                           Load    Length   Top    Selector   Space  Class

                reset_vec                      000000  000004  000004         0       0  CODE    
                bssCOMRAM                      000001  00004E  00004F         1       1  COMRAM  
                intcode                        000008  000006  00000E         4       0  CODE    
                intcodelo                      000018  000556  00056E         C       0  CODE    


UNUSED ADDRESS RANGES

        Name                Unused          Largest block    Delta
        BANK0            000080-0000FF               80
        BANK1            000100-0001FF              100
        BANK2            000200-0002FF              100
        BANK3            000300-0003FF              100
        BANK4            000400-0004FF              100
        BANK5            000500-0005F3               F4
        BIGRAM           00004F-0005F3              5A5
        BIGSFR           000F80-000F9B               1C
                         000F9D-000FD3               37
                         000FD5-000FDA                6
                         000FE0-000FE2                3
                         000FE8-000FEA                3
                         000FF0-000FFC                D
        CODE             000004-000007                4
                         00000E-000017                A
                         00056E-007DBF             7852
        COMRAM           00004F-00007F               31
        CONST            000004-000007                4
                         00000E-000017                A
                         00056E-007DBF             7852
        EEDATA           F00000-F000FF              100
        MEDIUMCONST      000600-007DBF             77C0
        RAM              000080-0005F3              100
        SFR              000F80-000F9B               1C
                         000F9D-000FD3               37
                         000FD5-000FDA                6
                         000FE0-000FE2                3
                         000FE8-000FEA                3
                         000FF0-000FFC                D
        SMALLCONST       000600-007DBF              100

                                  Symbol Table

?_GetString                    cstackCOMRAM 000044
?___awmod                      cstackCOMRAM 00002B
?___wmul                       cstackCOMRAM 00002B
?_atoi                         cstackCOMRAM 000031
?_isdigit                      cstackCOMRAM 00002B
?_isspace                      cstackCOMRAM 00002B
ClearBuffer@i                  cstackCOMRAM 000044
MyusartRead@number             cstackCOMRAM 00003B
UART_Write@data                cstackCOMRAM 00002B
_ADCON0bits                    (abs)        000FC2
_ADCON1                        (abs)        000FC1
_ADCON2bits                    (abs)        000FC0
_ADC_Initialize                text7        000516
_ADFM                          (abs)        007E07
_ADRESH                        (abs)        000FC4
_ADRESL                        (abs)        000FC3
_BAUDCONbits                   (abs)        000FB8
_CCP1CON                       (abs)        000FBD
_CCP1_Initialize               text6        000542
_CREN                          (abs)        007D5C
_ClearBuffer                   text9        000380
_GetString                     text8        00054E
_Hi_ISR                        intcode      000008
_INTCONbits                    (abs)        000FF2
_INTERRUPT_Initialize          text5        000560
_IPR1bits                      (abs)        000F9F
_IRCF0                         (abs)        007E9C
_IRCF1                         (abs)        007E9D
_IRCF2                         (abs)        007E9E
_LATD                          (abs)        000F8C
_Lo_ISR                        intcodelo    000018
_MyusartRead                   text11       0001C4
_OSCILLATOR_Initialize         text4        000558
_PIE1bits                      (abs)        000F9D
_PIR1bits                      (abs)        000F9E
_RCIF                          (abs)        007CF5
_RCONbits                      (abs)        000FD0
_RCREG                         (abs)        000FAE
_RCSTAbits                     (abs)        000FAB
_SPBRG                         (abs)        000FAF
_SYSTEM_Initialize             text2        000500
_TRISA                         (abs)        000F92
_TRISCbits                     (abs)        000F94
_TRISD                         (abs)        000F95
_TXREG                         (abs)        000FAD
_TXSTAbits                     (abs)        000FAC
_UART_Initialize               text3        00046E
_UART_Write                    text18       00052C
__HRAM                         (abs)        000000
__Habs1                        abs1         000000
__Hbank0                       bank0        000000
__Hbank1                       bank1        000000
__Hbank2                       bank2        000000
__Hbank3                       bank3        000000
__Hbank4                       bank4        000000
__Hbank5                       bank5        000000
__Hbigbss                      bigbss       000000
__Hbigdata                     bigdata      000000
__Hbigram                      bigram       000000
__Hbigsfr                      bigsfr       000000
__Hbss                         bss          000000
__HbssCOMRAM                   bssCOMRAM    000000
__Hcinit                       cinit        000000
__Hclrtext                     clrtext      000000
__Hcomram                      comram       000000
__Hconfig                      config       30000E
__Hconst                       const        000000
__HcstackCOMRAM                cstackCOMRAM 000000
__Hdata                        data         000000
__Heeprom_data                 eeprom_data  000000
__Hfarbss                      farbss       000000
__Hfardata                     fardata      000000
__Hheap                        heap         000000
__Hibigdata                    ibigdata     000000
__Hidata                       idata        000000
__Hidloc                       idloc        200008
__Hifardata                    ifardata     000000
__Hinit                        init         000080
__Hintcode                     intcode      00000E
__Hintcode_body                intcode_body 000000
__Hintcodelo                   intcodelo    00007C
__Hintentry                    intentry     000000
__Hintret                      intret       000000
__Hintsave_regs                intsave_regs 000000
__Hirdata                      irdata       000000
__Hmediumconst                 mediumconst  000000
__HnvFARRAM                    nvFARRAM     000000
__Hnvbit                       nvbit        000000
__Hnvrram                      nvrram       000000
__Hparam                       rparam       000000
__Hpowerup                     powerup      00007C
__Hram                         ram          000000
__Hramtop                      ramtop       000600
__Hrbit                        rbit         000000
__Hrbss                        rbss         000000
__Hrdata                       rdata        000000
__Hreset_vec                   reset_vec    000004
__Hrparam                      rparam       000000
__Hsfr                         sfr          000000
__Hsmallconst                  smallconst   000000
__Hspace_0                     (abs)        000600
__Hspace_1                     (abs)        00004F
__Hspace_2                     (abs)        000000
__Hspace_4                     (abs)        60000E
__Hstack                       stack        000000
__Hstruct                      struct       000000
__Htemp                        temp         00004F
__Htext                        text         000000
__Htext0                       text0        000000
__Htext1                       text1        000000
__Htext11                      text11       000000
__Htext12                      text12       000000
__Htext13                      text13       000000
__Htext14                      text14       000000
__Htext15                      text15       000000
__Htext16                      text16       000000
__Htext17                      text17       000000
__Htext18                      text18       000000
__Htext2                       text2        000000
__Htext3                       text3        000000
__Htext4                       text4        000000
__Htext5                       text5        000000
__Htext6                       text6        000000
__Htext7                       text7        000000
__Htext8                       text8        000000
__Htext9                       text9        000000
__LRAM                         (abs)        000001
__Labs1                        abs1         000000
__Lbank0                       bank0        000000
__Lbank1                       bank1        000000
__Lbank2                       bank2        000000
__Lbank3                       bank3        000000
__Lbank4                       bank4        000000
__Lbank5                       bank5        000000
__Lbigbss                      bigbss       000000
__Lbigdata                     bigdata      000000
__Lbigram                      bigram       000000
__Lbigsfr                      bigsfr       000000
__Lbss                         bss          000000
__LbssCOMRAM                   bssCOMRAM    000000
__Lcinit                       cinit        000000
__Lclrtext                     clrtext      000000
__Lcomram                      comram       000000
__Lconfig                      config       000000
__Lconst                       const        000000
__LcstackCOMRAM                cstackCOMRAM 000000
__Ldata                        data         000000
__Leeprom_data                 eeprom_data  000000
__Lfarbss                      farbss       000000
__Lfardata                     fardata      000000
__Lheap                        heap         000000
__Libigdata                    ibigdata     000000
__Lidata                       idata        000000
__Lidloc                       idloc        000000
__Lifardata                    ifardata     000000
__Linit                        init         00007C
__Lintcode                     intcode      000008
__Lintcode_body                intcode_body 000000
__Lintcodelo                   intcodelo    000018
__Lintentry                    intentry     000000
__Lintret                      intret       000000
__Lintsave_regs                intsave_regs 000000
__Lirdata                      irdata       000000
__Lmediumconst                 mediumconst  000000
__LnvFARRAM                    nvFARRAM     000000
__Lnvbit                       nvbit        000000
__Lnvrram                      nvrram       000000
__Lparam                       rparam       000000
__Lpowerup                     powerup      00007C
__Lram                         ram          000000
__Lramtop                      ramtop       000600
__Lrbit                        rbit         000000
__Lrbss                        rbss         000000
__Lrdata                       rdata        000000
__Lreset_vec                   reset_vec    000000
__Lrparam                      rparam       000000
__Lsfr                         sfr          000000
__Lsmallconst                  smallconst   000000
__Lspace_0                     (abs)        000000
__Lspace_1                     (abs)        000000
__Lspace_2                     (abs)        000000
__Lspace_4                     (abs)        000000
__Lstack                       stack        000000
__Lstruct                      struct       000000
__Ltemp                        temp         00004E
__Ltext                        text         000000
__Ltext0                       text0        000000
__Ltext1                       text1        000000
__Ltext11                      text11       000000
__Ltext12                      text12       000000
__Ltext13                      text13       000000
__Ltext14                      text14       000000
__Ltext15                      text15       000000
__Ltext16                      text16       000000
__Ltext17                      text17       000000
__Ltext18                      text18       000000
__Ltext2                       text2        000000
__Ltext3                       text3        000000
__Ltext4                       text4        000000
__Ltext5                       text5        000000
__Ltext6                       text6        000000
__Ltext7                       text7        000000
__Ltext8                       text8        000000
__Ltext9                       text9        000000
__S0                           (abs)        00056E
__S1                           (abs)        00004F
__S4                           (abs)        000000
__S5                           (abs)        000000
___awmod                       text17       00028A
___awmod@counter               cstackCOMRAM 00002F
___awmod@dividend              cstackCOMRAM 00002B
___awmod@divisor               cstackCOMRAM 00002D
___awmod@sign                  cstackCOMRAM 000030
___heap_hi                     (abs)        000000
___heap_lo                     (abs)        000000
___inthi_sp                    stack        000000
___intlo_sp                    stack        000000
___param_bank                  (abs)        000000
___rparam_used                 (abs)        000001
___sp                          stack        000000
___wmul                        text16       0004C0
___wmul@multiplicand           cstackCOMRAM 00002D
___wmul@multiplier             cstackCOMRAM 00002B
___wmul@product                cstackCOMRAM 00002F
__accesstop                    (abs)        000080
__activetblptr                 (abs)        000002
__end_of_ADC_Initialize        text7        00052C
__end_of_CCP1_Initialize       text6        00054E
__end_of_ClearBuffer           text9        0003C2
__end_of_GetString             text8        000558
__end_of_Hi_ISR                intcode_body 00056E
__end_of_INTERRUPT_Initialize  text5        000568
__end_of_Lo_ISR                intcodelo    00007C
__end_of_MyusartRead           text11       00028A
__end_of_OSCILLATOR_Initialize text4        000560
__end_of_SYSTEM_Initialize     text2        000516
__end_of_UART_Initialize       text3        000498
__end_of_UART_Write            text18       000542
__end_of___awmod               text17       00033A
__end_of___wmul                text16       0004E6
__end_of__initialization       cinit        0004F2
__end_of_atoi                  text13       0001C4
__end_of_isdigit               text15       00046E
__end_of_isspace               text14       000380
__end_of_main                  text0        0004C0
__end_of_strcpy                text1        000442
__end_ofi1_ClearBuffer         text12       000404
__initialization               cinit        0004E6
__mediumconst                  mediumconst  000000
__pbssCOMRAM                   bssCOMRAM    000001
__pcinit                       cinit        0004E6
__pcstackCOMRAM                cstackCOMRAM 00002B
__pintcode                     intcode      000008
__pintcode_body                intcode_body 000568
__pintcodelo                   intcodelo    000018
__ptext0                       text0        000498
__ptext1                       text1        000404
__ptext11                      text11       0001C4
__ptext12                      text12       0003C2
__ptext13                      text13       000080
__ptext14                      text14       00033A
__ptext15                      text15       000442
__ptext16                      text16       0004C0
__ptext17                      text17       00028A
__ptext18                      text18       00052C
__ptext2                       text2        000500
__ptext3                       text3        00046E
__ptext4                       text4        000558
__ptext5                       text5        000560
__ptext6                       text6        000542
__ptext7                       text7        000516
__ptext8                       text8        00054E
__ptext9                       text9        000380
__ramtop                       ramtop       000600
__smallconst                   smallconst   000000
_atoi                          text13       000080
_isdigit                       text15       000442
_isspace                       text14       00033A
_isspace$1216                  cstackCOMRAM 00002F
_lenStr                        bssCOMRAM    000001
_main                          text0        000498
_mystring                      bssCOMRAM    000003
_str                           bssCOMRAM    000017
_strcpy                        text1        000404
atoi@n                         cstackCOMRAM 000038
atoi@neg                       cstackCOMRAM 000036
atoi@s                         cstackCOMRAM 000031
btemp                          temp         00004E
end_of_initialization          cinit        0004F2
i1ClearBuffer@i                cstackCOMRAM 00002B
i1_ClearBuffer                 text12       0003C2
int$flags                      temp         00004E
int_func                       intcode_body 000568
intlevel0                      text         000000
intlevel1                      text         000000
intlevel2                      text         000000
intlevel3                      text         000000
isa$std                        (abs)        000001
isa$xinst                      (abs)        000000
isdigit@c                      cstackCOMRAM 00002B
isspace@c                      cstackCOMRAM 00002B
stackhi                        (abs)        000000
stacklo                        (abs)        000000
start                          init         00007C
start_initialization           cinit        0004E6
strcpy@d                       cstackCOMRAM 00004C
strcpy@dest                    cstackCOMRAM 000046
strcpy@s                       cstackCOMRAM 00004A
strcpy@src                     cstackCOMRAM 000048
ttemp5                         temp         00004F
ttemp6                         temp         000052
ttemp7                         temp         000056
wtemp8                         temp         00004F


MODULE INFORMATION

Module		Function		Class		Link	Load	Size
C:/Users/Annie/MPLABXProjects/lab10_advance.X/setting_hardaware/uart.c
		_Lo_ISR        		CODE           	0018	0000	100
		_MyusartRead   		CODE           	01C4	0000	198
		_GetString     		CODE           	054E	0000	10
		_ClearBuffer   		CODE           	0380	0000	66
		_UART_Initialize		CODE           	046E	0000	42
		_UART_Write    		CODE           	052C	0000	22

C:/Users/Annie/MPLABXProjects/lab10_advance.X/setting_hardaware/uart.c estimated size: 438

C:/Users/Annie/MPLABXProjects/lab10_advance.X/setting_hardaware/adc.c
		_ADC_Initialize		CODE           	0516	0000	22

C:/Users/Annie/MPLABXProjects/lab10_advance.X/setting_hardaware/adc.c estimated size: 22

C:\Program Files\Microchip\xc8\v2.40\pic\sources\c99\common\isspace.c
		_isspace       		CODE           	033A	0000	70

C:\Program Files\Microchip\xc8\v2.40\pic\sources\c99\common\isspace.c estimated size: 70

C:\Program Files\Microchip\xc8\v2.40\pic\sources\c99\common\atoi.c
		_atoi          		CODE           	0080	0000	324

C:\Program Files\Microchip\xc8\v2.40\pic\sources\c99\common\atoi.c estimated size: 324

C:\Program Files\Microchip\xc8\v2.40\pic\sources\c99\common\Umul16.c
		___wmul        		CODE           	04C0	0000	38

C:\Program Files\Microchip\xc8\v2.40\pic\sources\c99\common\Umul16.c estimated size: 38

C:/Users/Annie/MPLABXProjects/lab10_advance.X/setting_hardaware/ccp1.c
		_CCP1_Initialize		CODE           	0542	0000	12

C:/Users/Annie/MPLABXProjects/lab10_advance.X/setting_hardaware/ccp1.c estimated size: 12

C:\Program Files\Microchip\xc8\v2.40\pic\sources\c99\common\isdigit.c
		_isdigit       		CODE           	0442	0000	44

C:\Program Files\Microchip\xc8\v2.40\pic\sources\c99\common\isdigit.c estimated size: 44

C:/Users/Annie/MPLABXProjects/lab10_advance.X/setting_hardaware/interrupt_manager.c
		_INTERRUPT_Initialize		CODE           	0560	0000	8

C:/Users/Annie/MPLABXProjects/lab10_advance.X/setting_hardaware/interrupt_manager.c estimated size: 8

C:/Users/Annie/MPLABXProjects/lab10_advance.X/main.c
		_main          		CODE           	0498	0000	40
		_Hi_ISR        		CODE           	0008	0000	12

C:/Users/Annie/MPLABXProjects/lab10_advance.X/main.c estimated size: 52

shared
		i1_ClearBuffer 		CODE           	03C2	0000	66
		__initialization		CODE           	04E6	0000	12

shared estimated size: 78

C:\Program Files\Microchip\xc8\v2.40\pic\sources\c99\common\strcpy.c
		_strcpy        		CODE           	0404	0000	62

C:\Program Files\Microchip\xc8\v2.40\pic\sources\c99\common\strcpy.c estimated size: 62

C:\Program Files\Microchip\xc8\v2.40\pic\sources\c99\common\awmod.c
		___awmod       		CODE           	028A	0000	176

C:\Program Files\Microchip\xc8\v2.40\pic\sources\c99\common\awmod.c estimated size: 176

C:/Users/Annie/MPLABXProjects/lab10_advance.X/setting_hardaware/setting.c
		_OSCILLATOR_Initialize		CODE           	0558	0000	8
		_SYSTEM_Initialize		CODE           	0500	0000	22

C:/Users/Annie/MPLABXProjects/lab10_advance.X/setting_hardaware/setting.c estimated size: 30

