Microchip MPLAB XC8 Compiler V2.40

Linker command line:

-W-3 \
  --edf=C:\Program Files\Microchip\xc8\v2.40\pic\dat\20220703182018_en.msgs \
  -cn -h+dist/default/debug\lab10_bonus.X.debug.sym \
  --cmf=dist/default/debug\lab10_bonus.X.debug.cmf -z -Q18F4520 \
  -oC:\Users\Annie\AppData\Local\Temp\xcAsg6s.4 --defsym=__MPLAB_BUILD=1 \
  --fixupoverflow=error -Mdist/default/debug/lab10_bonus.X.debug.map \
  --md=C:\Users\Annie\AppData\Local\Temp\xcAsg6s.dat -E1 -ver=XC8 Compiler \
  --acfsm=1493 -ACODE=00h-07DBFh -ACONST=00h-07DBFh \
  -ASMALLCONST=0600h-06FFhx119,07D00h-07DBFh -AMEDIUMCONST=0600h-07DBFh \
  -ACOMRAM=01h-07Fh -AABS1=00h-05F3h -ABIGRAM=01h-05F3h \
  -ARAM=080h-0FFh,0100h-01FFhx4,0500h-05F3h -ABANK0=080h-0FFh \
  -ABANK1=0100h-01FFh -ABANK2=0200h-02FFh -ABANK3=0300h-03FFh \
  -ABANK4=0400h-04FFh -ABANK5=0500h-05F3h \
  -ASFR=0F80h-0F9Bh,0F9Dh-0FD3h,0FD5h-0FDAh,0FE0h-0FE2h,0FE8h-0FEAh,0FF0h-0FFCh \
  -ABIGSFR=0F80h-0F9Bh,0F9Dh-0FD3h,0FD5h-0FDAh,0FE0h-0FE2h,0FE8h-0FEAh,0FF0h-0FFCh \
  -ACONFIG=0300000h-030000Dh -AIDLOC=0200000h-0200007h \
  -AEEDATA=0F00000h-0F000FFh -peeprom_data=EEDATA \
  -preset_vec=00h,intcode=08h,intcodelo=018h,powerup,init -pramtop=0600h \
  -psmallconst=SMALLCONST -pmediumconst=MEDIUMCONST -pconst=CONST \
  -AFARRAM=00h-00h \
  -prdata=COMRAM,nvrram=COMRAM,nvbit=COMRAM,rbss=COMRAM,rbit=COMRAM \
  -pfarbss=FARRAM,fardata=FARRAM,nvFARRAM=FARRAM \
  -pintsave_regs=BIGRAM,bigbss=BIGRAM,bigdata=BIGRAM -pbss=RAM \
  -pidata=CODE,irdata=CODE,ibigdata=CODE,ifardata=CODE -prparam=COMRAM \
  C:\Users\Annie\AppData\Local\Temp\xcAsg6s.o \
  dist/default/debug\lab10_bonus.X.debug.o 

Object code version is 3.11

Machine type is 18F4520



                Name                               Link     Load   Length Selector   Space Scale
C:\Users\Annie\AppData\Local\Temp\xcAsg6s.o
                idloc                            200000   200000        8        0       5
                config                           300000   300000        E        0       4
                init                                 6C       6C        4        C       0
                reset_vec                             0        0        4        0       0
dist/default/debug\lab10_bonus.X.debug.o
                intcodelo                            18       18       54        C       0
                intcode                               8        8        6        4       0
                idloc                            200000   200000        8        0       5
                config                           300000   300000        E        0       4
                temp                                 43       43        1        1       1
                smallconst                          600      600       58      300       0
                intcode_body                        BE8      BE8        6      32C       0
                text17                              89C      89C       B0      32C       0
                text16                              BAC      BAC       16      32C       0
                text15                              9E0      9E0       6C      32C       0
                text13                              AA2      AA2       42      32C       0
                text12                              BCE      BCE        A      32C       0
                text11                              B96      B96       16      32C       0
                text10                              A4C      A4C       56      32C       0
                text9                               AE4      AE4       3E      32C       0
                text8                               7D2      7D2       CA      32C       0
                text7                               658      658      17A      32C       0
                text6                               B80      B80       16      32C       0
                text5                               BC2      BC2        C      32C       0
                text4                               BE0      BE0        8      32C       0
                text3                               BD8      BD8        8      32C       0
                text2                               B22      B22       2A      32C       0
                text1                               B6A      B6A       16      32C       0
                text0                               94C      94C       94      32C       0
                cstackCOMRAM                         2B       2B       18        1       1
                bssCOMRAM                             1        1       2A        1       1
                cinit                               B4C      B4C       1E      32C       0

TOTAL           Name                               Link     Load   Length     Space
        CLASS   CODE           
                intcodelo                            18       18       54         0
                intcode                               8        8        6         0
                init                                 6C       6C        4         0
                reset_vec                             0        0        4         0
                intcode_body                        BE8      BE8        6         0
                text17                              89C      89C       B0         0
                text16                              BAC      BAC       16         0
                text15                              9E0      9E0       6C         0
                text13                              AA2      AA2       42         0
                text12                              BCE      BCE        A         0
                text11                              B96      B96       16         0
                text10                              A4C      A4C       56         0
                text9                               AE4      AE4       3E         0
                text8                               7D2      7D2       CA         0
                text7                               658      658      17A         0
                text6                               B80      B80       16         0
                text5                               BC2      BC2        C         0
                text4                               BE0      BE0        8         0
                text3                               BD8      BD8        8         0
                text2                               B22      B22       2A         0
                text1                               B6A      B6A       16         0
                text0                               94C      94C       94         0
                cinit                               B4C      B4C       1E         0

        CLASS   CONST          

        CLASS   SMALLCONST     
                smallconst                          600      600       58         0

        CLASS   MEDIUMCONST    

        CLASS   COMRAM         
                temp                                 43       43        1         1
                cstackCOMRAM                         2B       2B       18         1
                bssCOMRAM                             1        1       2A         1

        CLASS   ABS1           

        CLASS   BIGRAM         

        CLASS   RAM            

        CLASS   BANK0          

        CLASS   BANK1          

        CLASS   BANK2          

        CLASS   BANK3          

        CLASS   BANK4          

        CLASS   BANK5          

        CLASS   SFR            

        CLASS   BIGSFR         

        CLASS   CONFIG         
                config                           300000   300000        E         4

        CLASS   IDLOC          
                idloc                            200000   200000        8         5

        CLASS   EEDATA         

        CLASS   FARRAM         

        CLASS   HEAP           

        CLASS   STACK          



SEGMENTS        Name                           Load    Length   Top    Selector   Space  Class

                reset_vec                      000000  000004  000004         0       0  CODE    
                bssCOMRAM                      000001  000043  000044         1       1  COMRAM  
                intcode                        000008  000006  00000E         4       0  CODE    
                intcodelo                      000018  000058  000070         C       0  CODE    
                smallconst                     000600  000058  000658       300       0  SMALLCON
                text7                          000658  000596  000BEE       32C       0  CODE    


UNUSED ADDRESS RANGES

        Name                Unused          Largest block    Delta
        BANK0            000080-0000FF               80
        BANK1            000100-0001FF              100
        BANK2            000200-0002FF              100
        BANK3            000300-0003FF              100
        BANK4            000400-0004FF              100
        BANK5            000500-0005F3               F4
        BIGRAM           000044-0005F3              5B0
        BIGSFR           000F80-000F9B               1C
                         000F9D-000FD3               37
                         000FD5-000FDA                6
                         000FE0-000FE2                3
                         000FE8-000FEA                3
                         000FF0-000FFC                D
        CODE             000004-000007                4
                         00000E-000017                A
                         000070-0005FF              590
                         000BEE-007DBF             71D2
        COMRAM           000044-00007F               3C
        CONST            000004-000007                4
                         00000E-000017                A
                         000070-0005FF              590
                         000BEE-007DBF             71D2
        EEDATA           F00000-F000FF              100
        MEDIUMCONST      000BEE-007DBF             71D2
        RAM              000080-0005F3              100
        SFR              000F80-000F9B               1C
                         000F9D-000FD3               37
                         000FD5-000FDA                6
                         000FE0-000FE2                3
                         000FE8-000FEA                3
                         000FF0-000FFC                D
        SMALLCONST       000BEE-007DBF              100

                                  Symbol Table

?_GetString                    cstackCOMRAM 000037
?___awmod                      cstackCOMRAM 00002B
ClearBuffer@i                  cstackCOMRAM 000037
UART_Write@data                cstackCOMRAM 000037
UART_Write_Text@i              cstackCOMRAM 00003C
UART_Write_Text@text           cstackCOMRAM 000038
_ADCON0bits                    (abs)        000FC2
_ADCON1                        (abs)        000FC1
_ADCON2bits                    (abs)        000FC0
_ADC_Initialize                text6        000B80
_ADFM                          (abs)        007E07
_ADRESH                        (abs)        000FC4
_ADRESL                        (abs)        000FC3
_BAUDCONbits                   (abs)        000FB8
_CCP1CON                       (abs)        000FBD
_CCP1_Initialize               text5        000BC2
_CREN                          (abs)        007D5C
_ClearBuffer                   text13       000AA2
_GetString                     text12       000BCE
_Hi_ISR                        intcode      000008
_INTCONbits                    (abs)        000FF2
_INTERRUPT_Initialize          text4        000BE0
_IPR1bits                      (abs)        000F9F
_IRCF0                         (abs)        007E9C
_IRCF1                         (abs)        007E9D
_IRCF2                         (abs)        007E9E
_LATD                          (abs)        000F8C
_Lo_ISR                        intcodelo    000018
_Mode1                         text8        0007D2
_Mode2                         text7        000658
_MyusartRead                   text15       0009E0
_OSCILLATOR_Initialize         text3        000BD8
_PIE1bits                      (abs)        000F9D
_PIR1bits                      (abs)        000F9E
_RCIF                          (abs)        007CF5
_RCONbits                      (abs)        000FD0
_RCREG                         (abs)        000FAE
_RCSTAbits                     (abs)        000FAB
_SPBRG                         (abs)        000FAF
_SYSTEM_Initialize             text1        000B6A
_TRISA                         (abs)        000F92
_TRISCbits                     (abs)        000F94
_TRISD                         (abs)        000F95
_TXREG                         (abs)        000FAD
_TXSTAbits                     (abs)        000FAC
_UART_Initialize               text2        000B22
_UART_Write                    text11       000B96
_UART_Write_Text               text10       000A4C
__HRAM                         (abs)        000000
__Habs1                        abs1         000000
__Hbank0                       bank0        000000
__Hbank1                       bank1        000000
__Hbank2                       bank2        000000
__Hbank3                       bank3        000000
__Hbank4                       bank4        000000
__Hbank5                       bank5        000000
__Hbigbss                      bigbss       000000
__Hbigdata                     bigdata      000000
__Hbigram                      bigram       000000
__Hbigsfr                      bigsfr       000000
__Hbss                         bss          000000
__HbssCOMRAM                   bssCOMRAM    000000
__Hcinit                       cinit        000000
__Hclrtext                     clrtext      000000
__Hcomram                      comram       000000
__Hconfig                      config       30000E
__Hconst                       const        000000
__HcstackCOMRAM                cstackCOMRAM 000000
__Hdata                        data         000000
__Heeprom_data                 eeprom_data  000000
__Hfarbss                      farbss       000000
__Hfardata                     fardata      000000
__Hheap                        heap         000000
__Hibigdata                    ibigdata     000000
__Hidata                       idata        000000
__Hidloc                       idloc        200008
__Hifardata                    ifardata     000000
__Hinit                        init         000070
__Hintcode                     intcode      00000E
__Hintcode_body                intcode_body 000000
__Hintcodelo                   intcodelo    00006C
__Hintentry                    intentry     000000
__Hintret                      intret       000000
__Hintsave_regs                intsave_regs 000000
__Hirdata                      irdata       000000
__Hmediumconst                 mediumconst  000000
__HnvFARRAM                    nvFARRAM     000000
__Hnvbit                       nvbit        000000
__Hnvrram                      nvrram       000000
__Hparam                       rparam       000000
__Hpowerup                     powerup      00006C
__Hram                         ram          000000
__Hramtop                      ramtop       000600
__Hrbit                        rbit         000000
__Hrbss                        rbss         000000
__Hrdata                       rdata        000000
__Hreset_vec                   reset_vec    000004
__Hrparam                      rparam       000000
__Hsfr                         sfr          000000
__Hsmallconst                  smallconst   000658
__Hspace_0                     (abs)        000BEE
__Hspace_1                     (abs)        000044
__Hspace_2                     (abs)        000000
__Hspace_4                     (abs)        60000E
__Hstack                       stack        000000
__Hstruct                      struct       000000
__Htemp                        temp         000044
__Htext                        text         000000
__Htext0                       text0        000000
__Htext1                       text1        000000
__Htext10                      text10       000000
__Htext11                      text11       000000
__Htext12                      text12       000000
__Htext13                      text13       000000
__Htext15                      text15       000000
__Htext16                      text16       000000
__Htext17                      text17       000000
__Htext2                       text2        000000
__Htext3                       text3        000000
__Htext4                       text4        000000
__Htext5                       text5        000000
__Htext6                       text6        000000
__Htext7                       text7        000000
__Htext8                       text8        000000
__Htext9                       text9        000000
__LRAM                         (abs)        000001
__Labs1                        abs1         000000
__Lbank0                       bank0        000000
__Lbank1                       bank1        000000
__Lbank2                       bank2        000000
__Lbank3                       bank3        000000
__Lbank4                       bank4        000000
__Lbank5                       bank5        000000
__Lbigbss                      bigbss       000000
__Lbigdata                     bigdata      000000
__Lbigram                      bigram       000000
__Lbigsfr                      bigsfr       000000
__Lbss                         bss          000000
__LbssCOMRAM                   bssCOMRAM    000000
__Lcinit                       cinit        000000
__Lclrtext                     clrtext      000000
__Lcomram                      comram       000000
__Lconfig                      config       000000
__Lconst                       const        000000
__LcstackCOMRAM                cstackCOMRAM 000000
__Ldata                        data         000000
__Leeprom_data                 eeprom_data  000000
__Lfarbss                      farbss       000000
__Lfardata                     fardata      000000
__Lheap                        heap         000000
__Libigdata                    ibigdata     000000
__Lidata                       idata        000000
__Lidloc                       idloc        000000
__Lifardata                    ifardata     000000
__Linit                        init         00006C
__Lintcode                     intcode      000008
__Lintcode_body                intcode_body 000000
__Lintcodelo                   intcodelo    000018
__Lintentry                    intentry     000000
__Lintret                      intret       000000
__Lintsave_regs                intsave_regs 000000
__Lirdata                      irdata       000000
__Lmediumconst                 mediumconst  000000
__LnvFARRAM                    nvFARRAM     000000
__Lnvbit                       nvbit        000000
__Lnvrram                      nvrram       000000
__Lparam                       rparam       000000
__Lpowerup                     powerup      00006C
__Lram                         ram          000000
__Lramtop                      ramtop       000600
__Lrbit                        rbit         000000
__Lrbss                        rbss         000000
__Lrdata                       rdata        000000
__Lreset_vec                   reset_vec    000000
__Lrparam                      rparam       000000
__Lsfr                         sfr          000000
__Lsmallconst                  smallconst   000600
__Lspace_0                     (abs)        000000
__Lspace_1                     (abs)        000000
__Lspace_2                     (abs)        000000
__Lspace_4                     (abs)        000000
__Lstack                       stack        000000
__Lstruct                      struct       000000
__Ltemp                        temp         000043
__Ltext                        text         000000
__Ltext0                       text0        000000
__Ltext1                       text1        000000
__Ltext10                      text10       000000
__Ltext11                      text11       000000
__Ltext12                      text12       000000
__Ltext13                      text13       000000
__Ltext15                      text15       000000
__Ltext16                      text16       000000
__Ltext17                      text17       000000
__Ltext2                       text2        000000
__Ltext3                       text3        000000
__Ltext4                       text4        000000
__Ltext5                       text5        000000
__Ltext6                       text6        000000
__Ltext7                       text7        000000
__Ltext8                       text8        000000
__Ltext9                       text9        000000
__S0                           (abs)        000BEE
__S1                           (abs)        000044
__S4                           (abs)        000000
__S5                           (abs)        000000
___awmod                       text17       00089C
___awmod@counter               cstackCOMRAM 00002F
___awmod@dividend              cstackCOMRAM 00002B
___awmod@divisor               cstackCOMRAM 00002D
___awmod@sign                  cstackCOMRAM 000030
___heap_hi                     (abs)        000000
___heap_lo                     (abs)        000000
___inthi_sp                    stack        000000
___intlo_sp                    stack        000000
___param_bank                  (abs)        000000
___rparam_used                 (abs)        000001
___sp                          stack        000000
__accesstop                    (abs)        000080
__activetblptr                 (abs)        000001
__end_of_ADC_Initialize        text6        000B96
__end_of_CCP1_Initialize       text5        000BCE
__end_of_ClearBuffer           text13       000AE4
__end_of_GetString             text12       000BD8
__end_of_Hi_ISR                intcode_body 000BEE
__end_of_INTERRUPT_Initialize  text4        000BE8
__end_of_Lo_ISR                intcodelo    00006C
__end_of_Mode1                 text8        00089C
__end_of_Mode2                 text7        0007D2
__end_of_MyusartRead           text15       000A4C
__end_of_OSCILLATOR_Initialize text3        000BE0
__end_of_SYSTEM_Initialize     text1        000B80
__end_of_UART_Initialize       text2        000B4C
__end_of_UART_Write            text11       000BAC
__end_of_UART_Write_Text       text10       000AA2
__end_of___awmod               text17       00094C
__end_of__initialization       cinit        000B58
__end_of_main                  text0        0009E0
__end_of_strcpy                text9        000B22
__end_ofi1_UART_Write          text16       000BC2
__initialization               cinit        000B4C
__mediumconst                  mediumconst  000000
__pbssCOMRAM                   bssCOMRAM    000001
__pcinit                       cinit        000B4C
__pcstackCOMRAM                cstackCOMRAM 00002B
__pintcode                     intcode      000008
__pintcode_body                intcode_body 000BE8
__pintcodelo                   intcodelo    000018
__psmallconst                  smallconst   000600
__ptext0                       text0        00094C
__ptext1                       text1        000B6A
__ptext10                      text10       000A4C
__ptext11                      text11       000B96
__ptext12                      text12       000BCE
__ptext13                      text13       000AA2
__ptext15                      text15       0009E0
__ptext16                      text16       000BAC
__ptext17                      text17       00089C
__ptext2                       text2        000B22
__ptext3                       text3        000BD8
__ptext4                       text4        000BE0
__ptext5                       text5        000BC2
__ptext6                       text6        000B80
__ptext7                       text7        000658
__ptext8                       text8        0007D2
__ptext9                       text9        000AE4
__ramtop                       ramtop       000600
__smallconst                   smallconst   000600
_lenStr                        bssCOMRAM    000001
_main                          text0        00094C
_mystring                      bssCOMRAM    000003
_str                           bssCOMRAM    000017
_strcpy                        text9        000AE4
btemp                          temp         000043
end_of_initialization          cinit        000B58
i1UART_Write@data              cstackCOMRAM 00002B
i1_UART_Write                  text16       000BAC
int$flags                      temp         000043
int_func                       intcode_body 000BE8
intlevel0                      text         000000
intlevel1                      text         000000
intlevel2                      text         000000
intlevel3                      text         000000
isa$std                        (abs)        000001
isa$xinst                      (abs)        000000
stackhi                        (abs)        000000
stacklo                        (abs)        000000
start                          init         00006C
start_initialization           cinit        000B4C
strcpy@d                       cstackCOMRAM 00003F
strcpy@dest                    cstackCOMRAM 000039
strcpy@s                       cstackCOMRAM 00003D
strcpy@src                     cstackCOMRAM 00003B
ttemp5                         temp         000044
ttemp6                         temp         000047
ttemp7                         temp         00004B
wtemp8                         temp         000044


MODULE INFORMATION

Module		Function		Class		Link	Load	Size
C:/Users/Annie/MPLABXProjects/lab10_bonus.X/setting_hardaware/adc.c
		_ADC_Initialize		CODE           	0B80	0000	22

C:/Users/Annie/MPLABXProjects/lab10_bonus.X/setting_hardaware/adc.c estimated size: 22

C:/Users/Annie/MPLABXProjects/lab10_bonus.X/setting_hardaware/interrupt_manager.c
		_INTERRUPT_Initialize		CODE           	0BE0	0000	8

C:/Users/Annie/MPLABXProjects/lab10_bonus.X/setting_hardaware/interrupt_manager.c estimated size: 8

C:/Users/Annie/MPLABXProjects/lab10_bonus.X/setting_hardaware/setting.c
		_OSCILLATOR_Initialize		CODE           	0BD8	0000	8
		_SYSTEM_Initialize		CODE           	0B6A	0000	22

C:/Users/Annie/MPLABXProjects/lab10_bonus.X/setting_hardaware/setting.c estimated size: 30

C:/Users/Annie/MPLABXProjects/lab10_bonus.X/setting_hardaware/uart.c
		_Lo_ISR        		CODE           	0018	0000	84
		_MyusartRead   		CODE           	09E0	0000	108
		_UART_Write_Text		CODE           	0A4C	0000	86
		_GetString     		CODE           	0BCE	0000	10
		_ClearBuffer   		CODE           	0AA2	0000	66
		_UART_Initialize		CODE           	0B22	0000	42
		_UART_Write    		CODE           	0B96	0000	22

C:/Users/Annie/MPLABXProjects/lab10_bonus.X/setting_hardaware/uart.c estimated size: 418

C:/Users/Annie/MPLABXProjects/lab10_bonus.X/setting_hardaware/ccp1.c
		_CCP1_Initialize		CODE           	0BC2	0000	12

C:/Users/Annie/MPLABXProjects/lab10_bonus.X/setting_hardaware/ccp1.c estimated size: 12

shared
		i1_UART_Write  		CODE           	0BAC	0000	22
		__initialization		CODE           	0B4C	0000	12

shared estimated size: 34

C:\Program Files\Microchip\xc8\v2.40\pic\sources\c99\common\strcpy.c
		_strcpy        		CODE           	0AE4	0000	62

C:\Program Files\Microchip\xc8\v2.40\pic\sources\c99\common\strcpy.c estimated size: 62

C:\Program Files\Microchip\xc8\v2.40\pic\sources\c99\common\awmod.c
		___awmod       		CODE           	089C	0000	176

C:\Program Files\Microchip\xc8\v2.40\pic\sources\c99\common\awmod.c estimated size: 176

C:/Users/Annie/MPLABXProjects/lab10_bonus.X/main.c
		_main          		CODE           	094C	0000	148
		_Mode1         		CODE           	07D2	0000	202
		_Mode2         		CODE           	0658	0000	378
		_Hi_ISR        		CODE           	0008	0000	12

C:/Users/Annie/MPLABXProjects/lab10_bonus.X/main.c estimated size: 740

